Welcome to Huw's Stack Machine
4.1000004
3.8500004
4.620001
1.3588238
