Welcome to Huw's Stack Machine
0
1
2
3
4
5
6
7
8
9
